mode: set
github.com/kraken-pedestal/internal/basic/executor/executor.go:78.45,84.2 2 1
github.com/kraken-pedestal/internal/basic/executor/executor.go:90.38,91.14 1 1
github.com/kraken-pedestal/internal/basic/executor/executor.go:91.14,93.3 1 0
github.com/kraken-pedestal/internal/basic/executor/executor.go:94.2,94.18 1 1
github.com/kraken-pedestal/internal/basic/executor/executor.go:108.75,114.2 2 1
github.com/kraken-pedestal/internal/basic/executor/executor.go:131.147,133.14 1 1
github.com/kraken-pedestal/internal/basic/executor/executor.go:133.14,135.3 1 0
github.com/kraken-pedestal/internal/basic/executor/executor.go:137.2,137.21 1 1
github.com/kraken-pedestal/internal/basic/executor/executor.go:137.21,139.3 1 1
github.com/kraken-pedestal/internal/basic/executor/executor.go:141.2,141.16 1 1
github.com/kraken-pedestal/internal/basic/executor/executor.go:141.16,143.3 1 0
github.com/kraken-pedestal/internal/basic/executor/executor.go:145.2,145.22 1 1
github.com/kraken-pedestal/internal/basic/executor/executor.go:145.22,147.30 2 1
github.com/kraken-pedestal/internal/basic/executor/executor.go:147.30,152.4 1 1
github.com/kraken-pedestal/internal/basic/executor/executor.go:153.3,153.17 1 1
github.com/kraken-pedestal/internal/basic/executor/executor.go:155.2,159.27 4 1
github.com/kraken-pedestal/internal/basic/executor/executor.go:159.27,165.13 4 1
github.com/kraken-pedestal/internal/basic/executor/executor.go:165.13,169.11 2 1
github.com/kraken-pedestal/internal/basic/executor/executor.go:170.22,175.11 2 1
github.com/kraken-pedestal/internal/basic/executor/executor.go:176.12,176.12 0 1
github.com/kraken-pedestal/internal/basic/executor/executor.go:179.4,179.11 1 1
github.com/kraken-pedestal/internal/basic/executor/executor.go:180.33,180.33 0 1
github.com/kraken-pedestal/internal/basic/executor/executor.go:181.22,186.11 2 0
github.com/kraken-pedestal/internal/basic/executor/executor.go:189.4,189.17 1 1
github.com/kraken-pedestal/internal/basic/executor/executor.go:189.17,191.5 1 1
github.com/kraken-pedestal/internal/basic/executor/executor.go:192.4,196.18 3 1
github.com/kraken-pedestal/internal/basic/executor/executor.go:196.18,204.5 2 1
github.com/kraken-pedestal/internal/basic/executor/executor.go:205.4,205.21 1 1
github.com/kraken-pedestal/internal/basic/executor/executor.go:205.21,213.5 2 1
github.com/kraken-pedestal/internal/basic/executor/executor.go:214.4,219.27 5 0
github.com/kraken-pedestal/internal/basic/executor/executor.go:223.2,224.16 2 1
github.com/kraken-pedestal/internal/basic/executor/executor.go:227.48,228.30 1 1
github.com/kraken-pedestal/internal/basic/executor/executor.go:228.30,230.3 1 1
github.com/kraken-pedestal/internal/basic/executor/executor.go:231.2,232.16 2 1
github.com/kraken-pedestal/internal/basic/executor/shell.go:13.96,19.15 3 0
github.com/kraken-pedestal/internal/basic/executor/shell.go:19.15,21.3 1 0
github.com/kraken-pedestal/internal/basic/executor/shell.go:23.2,23.19 1 0
github.com/kraken-pedestal/internal/basic/executor/shell.go:23.19,26.3 2 0
github.com/kraken-pedestal/internal/basic/executor/shell.go:28.2,28.9 1 0
github.com/kraken-pedestal/internal/basic/executor/shell.go:29.20,31.16 2 0
github.com/kraken-pedestal/internal/basic/executor/shell.go:32.10,32.10 0 0
github.com/kraken-pedestal/internal/basic/executor/shell.go:35.2,36.16 2 0
github.com/kraken-pedestal/internal/basic/executor/shell.go:36.16,39.3 2 0
github.com/kraken-pedestal/internal/basic/executor/shell.go:41.2,47.41 5 0
github.com/kraken-pedestal/internal/basic/executor/shell.go:47.41,51.46 4 0
github.com/kraken-pedestal/internal/basic/executor/shell.go:51.46,53.4 1 0
github.com/kraken-pedestal/internal/basic/executor/shell.go:54.3,54.16 1 0
github.com/kraken-pedestal/internal/basic/executor/shell.go:57.2,61.15 5 0
github.com/kraken-pedestal/internal/basic/executor/shell.go:68.92,70.15 2 0
github.com/kraken-pedestal/internal/basic/executor/shell.go:70.15,72.30 2 0
github.com/kraken-pedestal/internal/basic/executor/shell.go:72.30,77.4 1 0
github.com/kraken-pedestal/internal/basic/executor/shell.go:78.3,78.16 1 0
github.com/kraken-pedestal/internal/basic/executor/shell.go:81.2,81.101 1 0
github.com/kraken-pedestal/internal/basic/executor/shell.go:81.101,83.3 1 0
github.com/kraken-pedestal/internal/basic/executor/ssh.go:35.50,38.2 2 1
github.com/kraken-pedestal/internal/basic/executor/ssh.go:64.71,67.14 1 0
github.com/kraken-pedestal/internal/basic/executor/ssh.go:67.14,69.3 1 0
github.com/kraken-pedestal/internal/basic/executor/ssh.go:72.2,73.16 2 0
github.com/kraken-pedestal/internal/basic/executor/ssh.go:73.16,75.3 1 0
github.com/kraken-pedestal/internal/basic/executor/ssh.go:78.2,79.15 2 0
github.com/kraken-pedestal/internal/basic/executor/ssh.go:79.15,81.3 1 0
github.com/kraken-pedestal/internal/basic/executor/ssh.go:85.2,86.20 2 0
github.com/kraken-pedestal/internal/basic/executor/ssh.go:86.20,88.3 1 0
github.com/kraken-pedestal/internal/basic/executor/ssh.go:91.2,92.16 2 0
github.com/kraken-pedestal/internal/basic/executor/ssh.go:92.16,94.3 1 0
github.com/kraken-pedestal/internal/basic/executor/ssh.go:97.2,111.16 3 0
github.com/kraken-pedestal/internal/basic/executor/ssh.go:111.16,113.3 1 0
github.com/kraken-pedestal/internal/basic/executor/ssh.go:114.2,119.16 4 0
github.com/kraken-pedestal/internal/basic/executor/ssh.go:119.16,122.3 1 0
github.com/kraken-pedestal/internal/basic/executor/ssh.go:125.2,125.20 1 0
github.com/kraken-pedestal/internal/basic/executor/ssh.go:140.74,142.20 1 0
github.com/kraken-pedestal/internal/basic/executor/ssh.go:142.20,144.3 1 0
github.com/kraken-pedestal/internal/basic/executor/ssh.go:147.2,148.16 2 0
github.com/kraken-pedestal/internal/basic/executor/ssh.go:148.16,151.3 1 0
github.com/kraken-pedestal/internal/basic/executor/ssh.go:154.2,154.36 1 0
github.com/kraken-pedestal/internal/basic/executor/ssh.go:158.58,159.32 1 0
github.com/kraken-pedestal/internal/basic/executor/ssh.go:159.32,161.3 1 0
github.com/kraken-pedestal/internal/basic/executor/ssh.go:162.2,163.16 2 0
github.com/kraken-pedestal/internal/basic/executor/ssh.go:163.16,165.3 1 0
github.com/kraken-pedestal/internal/basic/executor/ssh.go:167.2,173.38 2 0
github.com/kraken-pedestal/internal/basic/executor/ssh.go:173.38,175.45 2 0
github.com/kraken-pedestal/internal/basic/executor/ssh.go:175.45,176.26 1 0
github.com/kraken-pedestal/internal/basic/executor/ssh.go:176.26,177.13 1 0
github.com/kraken-pedestal/internal/basic/executor/ssh.go:179.4,179.76 1 0
github.com/kraken-pedestal/internal/basic/executor/ssh.go:181.3,182.17 2 0
github.com/kraken-pedestal/internal/basic/executor/ssh.go:182.17,184.4 1 0
github.com/kraken-pedestal/internal/basic/executor/ssh.go:186.2,186.55 1 0
github.com/kraken-pedestal/internal/basic/executor/ssh.go:190.58,192.16 2 0
github.com/kraken-pedestal/internal/basic/executor/ssh.go:192.16,194.3 1 0
github.com/kraken-pedestal/internal/basic/executor/ssh.go:196.2,197.16 2 0
github.com/kraken-pedestal/internal/basic/executor/ssh.go:197.16,199.3 1 0
github.com/kraken-pedestal/internal/basic/executor/ssh.go:200.2,200.20 1 0
github.com/kraken-pedestal/internal/basic/executor/ssh.go:204.68,205.30 1 0
github.com/kraken-pedestal/internal/basic/executor/ssh.go:205.30,208.3 1 0
github.com/kraken-pedestal/internal/basic/executor/ssh.go:209.2,209.36 1 0
github.com/kraken-pedestal/internal/basic/executor/ssh.go:209.36,211.3 1 0
github.com/kraken-pedestal/internal/basic/executor/ssh.go:217.2,217.79 1 0
github.com/kraken-pedestal/internal/basic/executor/ssh.go:220.57,221.24 1 1
github.com/kraken-pedestal/internal/basic/executor/ssh.go:221.24,223.3 1 1
github.com/kraken-pedestal/internal/basic/executor/ssh.go:224.2,224.23 1 1
github.com/kraken-pedestal/internal/basic/executor/ssh.go:224.23,226.3 1 1
github.com/kraken-pedestal/internal/basic/executor/ssh.go:227.2,227.26 1 1
github.com/kraken-pedestal/internal/basic/executor/ssh.go:227.26,229.3 1 1
github.com/kraken-pedestal/internal/basic/executor/ssh.go:230.2,230.16 1 1
github.com/kraken-pedestal/internal/basic/inventory/host.go:43.45,45.16 2 1
github.com/kraken-pedestal/internal/basic/inventory/host.go:45.16,47.3 1 0
github.com/kraken-pedestal/internal/basic/inventory/host.go:48.2,58.21 4 1
github.com/kraken-pedestal/internal/basic/inventory/host.go:58.21,64.17 3 1
github.com/kraken-pedestal/internal/basic/inventory/host.go:64.17,65.12 1 1
github.com/kraken-pedestal/internal/basic/inventory/host.go:68.3,68.35 1 1
github.com/kraken-pedestal/internal/basic/inventory/host.go:68.35,69.12 1 1
github.com/kraken-pedestal/internal/basic/inventory/host.go:72.3,72.71 1 1
github.com/kraken-pedestal/internal/basic/inventory/host.go:72.71,77.26 2 1
github.com/kraken-pedestal/internal/basic/inventory/host.go:77.26,79.5 1 0
github.com/kraken-pedestal/internal/basic/inventory/host.go:80.4,80.12 1 1
github.com/kraken-pedestal/internal/basic/inventory/host.go:83.3,84.17 2 1
github.com/kraken-pedestal/internal/basic/inventory/host.go:84.17,86.4 1 1
github.com/kraken-pedestal/internal/basic/inventory/host.go:88.3,88.34 1 1
github.com/kraken-pedestal/internal/basic/inventory/host.go:91.2,91.38 1 1
github.com/kraken-pedestal/internal/basic/inventory/host.go:91.38,93.3 1 0
github.com/kraken-pedestal/internal/basic/inventory/host.go:95.2,95.19 1 1
github.com/kraken-pedestal/internal/basic/inventory/host.go:113.54,118.21 2 1
github.com/kraken-pedestal/internal/basic/inventory/host.go:118.21,120.3 1 0
github.com/kraken-pedestal/internal/basic/inventory/host.go:123.2,131.24 2 1
github.com/kraken-pedestal/internal/basic/inventory/host.go:131.24,133.3 1 0
github.com/kraken-pedestal/internal/basic/inventory/host.go:135.2,135.33 1 1
github.com/kraken-pedestal/internal/basic/inventory/host.go:135.33,139.10 2 1
github.com/kraken-pedestal/internal/basic/inventory/host.go:139.10,141.4 1 1
github.com/kraken-pedestal/internal/basic/inventory/host.go:143.3,147.16 3 1
github.com/kraken-pedestal/internal/basic/inventory/host.go:147.16,149.4 1 0
github.com/kraken-pedestal/internal/basic/inventory/host.go:151.3,151.14 1 1
github.com/kraken-pedestal/internal/basic/inventory/host.go:152.15,154.19 1 1
github.com/kraken-pedestal/internal/basic/inventory/host.go:154.19,156.5 1 0
github.com/kraken-pedestal/internal/basic/inventory/host.go:157.4,157.21 1 1
github.com/kraken-pedestal/internal/basic/inventory/host.go:158.15,161.18 2 1
github.com/kraken-pedestal/internal/basic/inventory/host.go:161.18,163.5 1 0
github.com/kraken-pedestal/internal/basic/inventory/host.go:164.4,164.32 1 1
github.com/kraken-pedestal/internal/basic/inventory/host.go:164.32,166.5 1 1
github.com/kraken-pedestal/internal/basic/inventory/host.go:167.4,167.20 1 1
github.com/kraken-pedestal/internal/basic/inventory/host.go:168.19,169.23 1 1
github.com/kraken-pedestal/internal/basic/inventory/host.go:171.11,176.12 1 0
github.com/kraken-pedestal/internal/basic/inventory/host.go:179.2,179.18 1 1
github.com/kraken-pedestal/internal/basic/inventory/inventory.go:14.44,15.35 1 0
github.com/kraken-pedestal/internal/basic/inventory/inventory.go:15.35,17.3 1 0
github.com/kraken-pedestal/internal/basic/inventory/inventory.go:18.2,19.16 2 0
github.com/kraken-pedestal/internal/basic/inventory/inventory.go:19.16,21.3 1 0
github.com/kraken-pedestal/internal/basic/inventory/inventory.go:22.2,22.38 1 0
github.com/kraken-pedestal/internal/basic/inventory/inventory.go:27.36,28.35 1 1
github.com/kraken-pedestal/internal/basic/inventory/inventory.go:28.35,30.3 1 0
github.com/kraken-pedestal/internal/basic/inventory/inventory.go:31.2,33.15 3 1
github.com/kraken-pedestal/internal/basic/inventory/inventory.go:62.63,63.35 1 1
github.com/kraken-pedestal/internal/basic/inventory/inventory.go:63.35,65.3 1 1
github.com/kraken-pedestal/internal/basic/inventory/inventory.go:67.2,72.31 3 1
github.com/kraken-pedestal/internal/basic/inventory/inventory.go:72.31,74.23 1 1
github.com/kraken-pedestal/internal/basic/inventory/inventory.go:74.23,76.4 1 1
github.com/kraken-pedestal/internal/basic/inventory/inventory.go:78.3,78.62 1 1
github.com/kraken-pedestal/internal/basic/inventory/inventory.go:81.2,83.33 2 1
github.com/kraken-pedestal/internal/basic/inventory/inventory.go:83.33,85.19 2 1
github.com/kraken-pedestal/internal/basic/inventory/inventory.go:85.19,86.12 1 0
github.com/kraken-pedestal/internal/basic/inventory/inventory.go:89.3,89.22 1 1
github.com/kraken-pedestal/internal/basic/inventory/inventory.go:89.22,91.4 1 1
github.com/kraken-pedestal/internal/basic/inventory/inventory.go:94.3,94.40 1 1
github.com/kraken-pedestal/internal/basic/inventory/inventory.go:94.40,96.12 2 1
github.com/kraken-pedestal/internal/basic/inventory/inventory.go:100.3,100.39 1 1
github.com/kraken-pedestal/internal/basic/inventory/inventory.go:100.39,102.12 2 1
github.com/kraken-pedestal/internal/basic/inventory/inventory.go:104.3,104.65 1 1
github.com/kraken-pedestal/internal/basic/inventory/inventory.go:106.2,106.23 1 1
github.com/kraken-pedestal/internal/basic/inventory/inventory.go:106.23,108.3 1 0
github.com/kraken-pedestal/internal/basic/inventory/inventory.go:109.2,109.33 1 1
github.com/kraken-pedestal/internal/basic/inventory/inventory.go:118.39,119.21 1 1
github.com/kraken-pedestal/internal/basic/inventory/inventory.go:119.21,121.3 1 1
github.com/kraken-pedestal/internal/basic/inventory/inventory.go:123.2,126.29 3 1
github.com/kraken-pedestal/internal/basic/inventory/inventory.go:126.29,128.37 2 1
github.com/kraken-pedestal/internal/basic/inventory/inventory.go:128.37,129.12 1 1
github.com/kraken-pedestal/internal/basic/inventory/inventory.go:131.3,132.32 2 1
github.com/kraken-pedestal/internal/basic/inventory/inventory.go:134.2,134.15 1 1
github.com/kraken-pedestal/internal/basic/inventory/inventory.go:137.32,139.2 1 1
